components/TeamManagement.tsx(60,6): error TS17008: JSX element 'div' has no corresponding closing tag.
components/TeamManagement.tsx(234,1): error TS1381: Unexpected token. Did you mean `{'}'}` or `&rbrace;`?
components/TeamManagement.tsx(237,17): error TS1005: '}' expected.
components/TeamManagement.tsx(240,43): error TS1382: Unexpected token. Did you mean `{'>'}` or `&gt;`?
components/TeamManagement.tsx(241,38): error TS1382: Unexpected token. Did you mean `{'>'}` or `&gt;`?
components/TeamManagement.tsx(242,85): error TS1382: Unexpected token. Did you mean `{'>'}` or `&gt;`?
components/TeamManagement.tsx(243,60): error TS1382: Unexpected token. Did you mean `{'>'}` or `&gt;`?
components/TeamManagement.tsx(244,66): error TS1382: Unexpected token. Did you mean `{'>'}` or `&gt;`?
components/TeamManagement.tsx(245,21): error TS1382: Unexpected token. Did you mean `{'>'}` or `&gt;`?
components/TeamManagement.tsx(246,86): error TS1382: Unexpected token. Did you mean `{'>'}` or `&gt;`?
components/TeamManagement.tsx(247,30): error TS1005: '}' expected.
components/TeamManagement.tsx(247,52): error TS1005: '}' expected.
components/TeamManagement.tsx(247,75): error TS1381: Unexpected token. Did you mean `{'}'}` or `&rbrace;`?
components/TeamManagement.tsx(247,94): error TS1381: Unexpected token. Did you mean `{'}'}` or `&rbrace;`?
components/TeamManagement.tsx(249,1): error TS1381: Unexpected token. Did you mean `{'}'}` or `&rbrace;`?
components/TeamManagement.tsx(251,47): error TS17008: JSX element 'TeamManagementProps' has no corresponding closing tag.
components/TeamManagement.tsx(253,13): error TS1382: Unexpected token. Did you mean `{'>'}` or `&gt;`?
components/TeamManagement.tsx(254,5): error TS1109: Expression expected.
components/TeamManagement.tsx(254,69): error TS1003: Identifier expected.
components/TeamManagement.tsx(254,75): error TS1382: Unexpected token. Did you mean `{'>'}` or `&gt;`?
components/TeamManagement.tsx(255,56): error TS1003: Identifier expected.
components/TeamManagement.tsx(255,116): error TS1382: Unexpected token. Did you mean `{'>'}` or `&gt;`?
components/TeamManagement.tsx(257,65): error TS1003: Identifier expected.
components/TeamManagement.tsx(257,67): error TS1382: Unexpected token. Did you mean `{'>'}` or `&gt;`?
components/TeamManagement.tsx(258,79): error TS1003: Identifier expected.
components/TeamManagement.tsx(258,85): error TS1382: Unexpected token. Did you mean `{'>'}` or `&gt;`?
components/TeamManagement.tsx(259,65): error TS1003: Identifier expected.
components/TeamManagement.tsx(259,71): error TS1382: Unexpected token. Did you mean `{'>'}` or `&gt;`?
components/TeamManagement.tsx(260,37): error TS17008: JSX element 'HTMLDivElement' has no corresponding closing tag.
components/TeamManagement.tsx(262,19): error TS1382: Unexpected token. Did you mean `{'>'}` or `&gt;`?
components/TeamManagement.tsx(263,25): error TS1005: '}' expected.
components/TeamManagement.tsx(275,13): error TS1109: Expression expected.
components/TeamManagement.tsx(277,9): error TS1381: Unexpected token. Did you mean `{'}'}` or `&rbrace;`?
components/TeamManagement.tsx(280,5): error TS1381: Unexpected token. Did you mean `{'}'}` or `&rbrace;`?
components/TeamManagement.tsx(282,40): error TS1382: Unexpected token. Did you mean `{'>'}` or `&gt;`?
components/TeamManagement.tsx(282,80): error TS1382: Unexpected token. Did you mean `{'>'}` or `&gt;`?
components/TeamManagement.tsx(283,37): error TS1382: Unexpected token. Did you mean `{'>'}` or `&gt;`?
components/TeamManagement.tsx(283,74): error TS1382: Unexpected token. Did you mean `{'>'}` or `&gt;`?
components/TeamManagement.tsx(284,40): error TS1382: Unexpected token. Did you mean `{'>'}` or `&gt;`?
components/TeamManagement.tsx(284,79): error TS1382: Unexpected token. Did you mean `{'>'}` or `&gt;`?
components/TeamManagement.tsx(286,69): error TS1382: Unexpected token. Did you mean `{'>'}` or `&gt;`?
components/TeamManagement.tsx(287,69): error TS1005: '}' expected.
components/TeamManagement.tsx(288,5): error TS1381: Unexpected token. Did you mean `{'}'}` or `&rbrace;`?
components/TeamManagement.tsx(290,50): error TS1382: Unexpected token. Did you mean `{'>'}` or `&gt;`?
components/TeamManagement.tsx(291,9): error TS1109: Expression expected.
components/TeamManagement.tsx(292,51): error TS1005: '}' expected.
components/TeamManagement.tsx(293,9): error TS1381: Unexpected token. Did you mean `{'}'}` or `&rbrace;`?
components/TeamManagement.tsx(294,13): error TS1109: Expression expected.
components/TeamManagement.tsx(295,46): error TS1005: '}' expected.
components/TeamManagement.tsx(297,13): error TS1381: Unexpected token. Did you mean `{'}'}` or `&rbrace;`?
components/TeamManagement.tsx(298,63): error TS1005: '}' expected.
components/TeamManagement.tsx(300,13): error TS1381: Unexpected token. Did you mean `{'}'}` or `&rbrace;`?
components/TeamManagement.tsx(301,9): error TS1381: Unexpected token. Did you mean `{'}'}` or `&rbrace;`?
components/TeamManagement.tsx(302,5): error TS1381: Unexpected token. Did you mean `{'}'}` or `&rbrace;`?
components/TeamManagement.tsx(305,72): error TS1003: Identifier expected.
components/TeamManagement.tsx(305,74): error TS1005: '...' expected.
components/TeamManagement.tsx(305,78): error TS1005: '}' expected.
components/TeamManagement.tsx(305,113): error TS1381: Unexpected token. Did you mean `{'}'}` or `&rbrace;`?
components/TeamManagement.tsx(305,121): error TS1382: Unexpected token. Did you mean `{'>'}` or `&gt;`?
components/TeamManagement.tsx(308,19): error TS1382: Unexpected token. Did you mean `{'>'}` or `&gt;`?
components/TeamManagement.tsx(309,9): error TS1109: Expression expected.
components/TeamManagement.tsx(310,13): error TS1109: Expression expected.
components/TeamManagement.tsx(310,42): error TS1382: Unexpected token. Did you mean `{'>'}` or `&gt;`?
components/TeamManagement.tsx(311,24): error TS1382: Unexpected token. Did you mean `{'>'}` or `&gt;`?
components/TeamManagement.tsx(312,9): error TS1381: Unexpected token. Did you mean `{'}'}` or `&rbrace;`?
components/TeamManagement.tsx(313,5): error TS1381: Unexpected token. Did you mean `{'}'}` or `&rbrace;`?
components/TeamManagement.tsx(315,100): error TS1382: Unexpected token. Did you mean `{'>'}` or `&gt;`?
components/TeamManagement.tsx(316,9): error TS1109: Expression expected.
components/TeamManagement.tsx(321,13): error TS1109: Expression expected.
components/TeamManagement.tsx(322,27): error TS1005: '}' expected.
components/TeamManagement.tsx(325,13): error TS1381: Unexpected token. Did you mean `{'}'}` or `&rbrace;`?
components/TeamManagement.tsx(327,9): error TS1381: Unexpected token. Did you mean `{'}'}` or `&rbrace;`?
components/TeamManagement.tsx(331,25): error TS1005: '}' expected.
components/TeamManagement.tsx(332,39): error TS1382: Unexpected token. Did you mean `{'>'}` or `&gt;`?
components/TeamManagement.tsx(333,9): error TS1381: Unexpected token. Did you mean `{'}'}` or `&rbrace;`?
components/TeamManagement.tsx(336,5): error TS1381: Unexpected token. Did you mean `{'}'}` or `&rbrace;`?
components/TeamManagement.tsx(338,32): error TS1382: Unexpected token. Did you mean `{'>'}` or `&gt;`?
components/TeamManagement.tsx(339,9): error TS1109: Expression expected.
components/TeamManagement.tsx(340,32): error TS1005: '}' expected.
components/TeamManagement.tsx(341,9): error TS1381: Unexpected token. Did you mean `{'}'}` or `&rbrace;`?
components/TeamManagement.tsx(342,5): error TS1381: Unexpected token. Did you mean `{'}'}` or `&rbrace;`?
components/TeamManagement.tsx(344,89): error TS1382: Unexpected token. Did you mean `{'>'}` or `&gt;`?
components/TeamManagement.tsx(347,44): error TS1005: '}' expected.
components/TeamManagement.tsx(349,5): error TS1381: Unexpected token. Did you mean `{'}'}` or `&rbrace;`?
components/TeamManagement.tsx(351,76): error TS1382: Unexpected token. Did you mean `{'>'}` or `&gt;`?
components/TeamManagement.tsx(352,9): error TS1109: Expression expected.
components/TeamManagement.tsx(356,51): error TS1005: '}' expected.
components/TeamManagement.tsx(360,9): error TS1381: Unexpected token. Did you mean `{'}'}` or `&rbrace;`?
components/TeamManagement.tsx(361,40): error TS1005: '}' expected.
components/TeamManagement.tsx(363,9): error TS1381: Unexpected token. Did you mean `{'}'}` or `&rbrace;`?
components/TeamManagement.tsx(370,91): error TS1005: '}' expected.
components/TeamManagement.tsx(370,95): error TS1005: '}' expected.
components/TeamManagement.tsx(370,119): error TS1381: Unexpected token. Did you mean `{'}'}` or `&rbrace;`?
components/TeamManagement.tsx(370,121): error TS1381: Unexpected token. Did you mean `{'}'}` or `&rbrace;`?
components/TeamManagement.tsx(372,5): error TS1381: Unexpected token. Did you mean `{'}'}` or `&rbrace;`?
components/TeamManagement.tsx(374,36): error TS1382: Unexpected token. Did you mean `{'>'}` or `&gt;`?
components/TeamManagement.tsx(374,58): error TS1005: '}' expected.
components/TeamManagement.tsx(374,60): error TS1381: Unexpected token. Did you mean `{'}'}` or `&rbrace;`?
components/TeamManagement.tsx(377,34): error TS1005: '}' expected.
components/TeamManagement.tsx(377,93): error TS1381: Unexpected token. Did you mean `{'}'}` or `&rbrace;`?
components/TeamManagement.tsx(379,61): error TS1382: Unexpected token. Did you mean `{'>'}` or `&gt;`?
components/TeamManagement.tsx(380,9): error TS1109: Expression expected.
components/TeamManagement.tsx(380,40): error TS1005: '}' expected.
components/TeamManagement.tsx(380,101): error TS1381: Unexpected token. Did you mean `{'}'}` or `&rbrace;`?
components/TeamManagement.tsx(385,5): error TS1381: Unexpected token. Did you mean `{'}'}` or `&rbrace;`?
components/TeamManagement.tsx(388,63): error TS1003: Identifier expected.
components/TeamManagement.tsx(388,80): error TS1005: '}' expected.
components/TeamManagement.tsx(388,162): error TS1381: Unexpected token. Did you mean `{'}'}` or `&rbrace;`?
components/TeamManagement.tsx(389,47): error TS1003: Identifier expected.
components/TeamManagement.tsx(389,100): error TS1003: Identifier expected.
components/TeamManagement.tsx(389,117): error TS1005: '}' expected.
components/TeamManagement.tsx(389,209): error TS1381: Unexpected token. Did you mean `{'}'}` or `&rbrace;`?
components/TeamManagement.tsx(390,47): error TS1003: Identifier expected.
components/TeamManagement.tsx(390,100): error TS1003: Identifier expected.
components/TeamManagement.tsx(390,117): error TS1005: '}' expected.
components/TeamManagement.tsx(390,209): error TS1381: Unexpected token. Did you mean `{'}'}` or `&rbrace;`?
components/TeamManagement.tsx(391,47): error TS1003: Identifier expected.
components/TeamManagement.tsx(391,100): error TS1003: Identifier expected.
components/TeamManagement.tsx(391,117): error TS1005: '}' expected.
components/TeamManagement.tsx(391,209): error TS1381: Unexpected token. Did you mean `{'}'}` or `&rbrace;`?
components/TeamManagement.tsx(393,53): error TS1003: Identifier expected.
components/TeamManagement.tsx(393,63): error TS1382: Unexpected token. Did you mean `{'>'}` or `&gt;`?
components/TeamManagement.tsx(394,38): error TS1382: Unexpected token. Did you mean `{'>'}` or `&gt;`?
components/TeamManagement.tsx(989,1): error TS1381: Unexpected token. Did you mean `{'}'}` or `&rbrace;`?
components/TeamManagement.tsx(990,1): error TS1005: '</' expected.
